{
  "version": "1.5.0",
  "plugins_used": [
    {
      "name": "ArtifactoryDetector"
    },
    {
      "name": "AWSKeyDetector"
    },
    {
      "name": "AzureStorageKeyDetector"
    },
    {
      "name": "Base64HighEntropyString",
      "limit": 4.5
    },
    {
      "name": "BasicAuthDetector"
    },
    {
      "name": "CloudantDetector"
    },
    {
      "name": "DiscordBotTokenDetector"
    },
    {
      "name": "GitHubTokenDetector"
    },
    {
      "name": "GitLabTokenDetector"
    },
    {
      "name": "HexHighEntropyString",
      "limit": 3.0
    },
    {
      "name": "IbmCloudIamDetector"
    },
    {
      "name": "IbmCosHmacDetector"
    },
    {
      "name": "IPPublicDetector"
    },
    {
      "name": "JwtTokenDetector"
    },
    {
      "name": "KeywordDetector",
      "keyword_exclude": ""
    },
    {
      "name": "MailchimpDetector"
    },
    {
      "name": "NpmDetector"
    },
    {
      "name": "OpenAIDetector"
    },
    {
      "name": "PrivateKeyDetector"
    },
    {
      "name": "PypiTokenDetector"
    },
    {
      "name": "SendGridDetector"
    },
    {
      "name": "SlackDetector"
    },
    {
      "name": "SoftlayerDetector"
    },
    {
      "name": "SquareOAuthDetector"
    },
    {
      "name": "StripeDetector"
    },
    {
      "name": "TelegramBotTokenDetector"
    },
    {
      "name": "TwilioKeyDetector"
    }
  ],
  "filters_used": [
    {
      "path": "detect_secrets.filters.allowlist.is_line_allowlisted"
    },
    {
      "path": "detect_secrets.filters.common.is_baseline_file",
      "filename": ".secrets.baseline"
    },
    {
      "path": "detect_secrets.filters.common.is_ignored_due_to_verification_policies",
      "min_level": 2
    },
    {
      "path": "detect_secrets.filters.heuristic.is_indirect_reference"
    },
    {
      "path": "detect_secrets.filters.heuristic.is_likely_id_string"
    },
    {
      "path": "detect_secrets.filters.heuristic.is_lock_file"
    },
    {
      "path": "detect_secrets.filters.heuristic.is_not_alphanumeric_string"
    },
    {
      "path": "detect_secrets.filters.heuristic.is_potential_uuid"
    },
    {
      "path": "detect_secrets.filters.heuristic.is_prefixed_with_dollar_sign"
    },
    {
      "path": "detect_secrets.filters.heuristic.is_sequential_string"
    },
    {
      "path": "detect_secrets.filters.heuristic.is_swagger_file"
    },
    {
      "path": "detect_secrets.filters.heuristic.is_templated_secret"
    },
    {
      "path": "detect_secrets.filters.regex.should_exclude_file",
      "pattern": [
        "(\\.terraform/|\\.terraform\\.lock\\.hcl$|^build/|^\\.cache/|^\\.tools/)"
      ]
    }
  ],
  "results": {
    ".pre-commit-config.yaml": [
      {
        "type": "Hex High Entropy String",
        "filename": ".pre-commit-config.yaml",
        "hashed_secret": "26f89e75489173ffe046cc843b9a983e65020901",
        "is_verified": false,
        "line_number": 3,
        "is_secret": false
      },
      {
        "type": "Hex High Entropy String",
        "filename": ".pre-commit-config.yaml",
        "hashed_secret": "86242b7a7b67c1fd83514757a6b319602d648e94",
        "is_verified": false,
        "line_number": 24,
        "is_secret": false
      },
      {
        "type": "Hex High Entropy String",
        "filename": ".pre-commit-config.yaml",
        "hashed_secret": "d9049263962476ed433b60cabba9ac447081938e",
        "is_verified": false,
        "line_number": 31,
        "is_secret": false
      },
      {
        "type": "Hex High Entropy String",
        "filename": ".pre-commit-config.yaml",
        "hashed_secret": "a97fc14927013fd34c84eea02f443afc16894910",
        "is_verified": false,
        "line_number": 36,
        "is_secret": false
      },
      {
        "type": "Hex High Entropy String",
        "filename": ".pre-commit-config.yaml",
        "hashed_secret": "ab0325e5950c0de00991be8e8a608dc5024897db",
        "is_verified": false,
        "line_number": 42,
        "is_secret": false
      },
      {
        "type": "Hex High Entropy String",
        "filename": ".pre-commit-config.yaml",
        "hashed_secret": "fb54cecf879cb0614cd178e58b9c820d7535f205",
        "is_verified": false,
        "line_number": 48,
        "is_secret": false
      },
      {
        "type": "Hex High Entropy String",
        "filename": ".pre-commit-config.yaml",
        "hashed_secret": "f2a110bbe7ce45aff1db6f4579731bc56572c8b8",
        "is_verified": false,
        "line_number": 53,
        "is_secret": false
      },
      {
        "type": "Hex High Entropy String",
        "filename": ".pre-commit-config.yaml",
        "hashed_secret": "caa80d9a189b47c077a2116d41446613b794fe97",
        "is_verified": false,
        "line_number": 59,
        "is_secret": false
      },
      {
        "type": "Hex High Entropy String",
        "filename": ".pre-commit-config.yaml",
        "hashed_secret": "f8ea150202831aa7c5f1bdc4f159508936fafc7e",
        "is_verified": false,
        "line_number": 79,
        "is_secret": false
      },
      {
        "type": "Hex High Entropy String",
        "filename": ".pre-commit-config.yaml",
        "hashed_secret": "b792cef9a95cc380468d5b8615b041dbeaab314d",
        "is_verified": false,
        "line_number": 94,
        "is_secret": false
      },
      {
        "type": "Hex High Entropy String",
        "filename": ".pre-commit-config.yaml",
        "hashed_secret": "6748b86ebc5ffba9bf4f8f2c1c67cc33878a7948",
        "is_verified": false,
        "line_number": 101,
        "is_secret": false
      }
    ],
    "scripts/install-tools.sh": [
      {
        "type": "Hex High Entropy String",
        "filename": "scripts/install-tools.sh",
        "hashed_secret": "6addb5a9bcfe681c8949126a986cb3bd79886ef0",
        "is_verified": false,
        "line_number": 10,
        "is_secret": false
      },
      {
        "type": "Hex High Entropy String",
        "filename": "scripts/install-tools.sh",
        "hashed_secret": "8112f86eb398c977b6558f02bc550df2bdf00461",
        "is_verified": false,
        "line_number": 11,
        "is_secret": false
      },
      {
        "type": "Hex High Entropy String",
        "filename": "scripts/install-tools.sh",
        "hashed_secret": "8c7d38f5911d0a602296628d63ab4144e8edacb2",
        "is_verified": false,
        "line_number": 12,
        "is_secret": false
      },
      {
        "type": "Hex High Entropy String",
        "filename": "scripts/install-tools.sh",
        "hashed_secret": "d8a36ff62eb9bb9469a31f2628bb5cee80a2a539",
        "is_verified": false,
        "line_number": 13,
        "is_secret": false
      }
    ]
  },
  "generated_at": "2026-09-27T05:49:14Z"
}
